// Jest Snapshot v1, https://goo.gl/fbAQLP

exports[`EmojiPicker matches snapshot when not visible 1`] = `null`;

exports[`EmojiPicker matches snapshot when visible 1`] = `
<Modal
  animationType="slide"
  hardwareAccelerated={false}
  transparent={true}
  visible={true}
>
  <View
    style={
      {
        "backgroundColor": "#25292e",
        "borderTopLeftRadius": 18,
        "borderTopRightRadius": 18,
        "bottom": 0,
        "height": "25%",
        "position": "absolute",
        "width": "100%",
      }
    }
  >
    <View
      style={
        {
          "alignItems": "center",
          "backgroundColor": "#464C55",
          "borderTopLeftRadius": 10,
          "borderTopRightRadius": 10,
          "flexDirection": "row",
          "height": "16%",
          "justifyContent": "space-between",
          "paddingHorizontal": 20,
        }
      }
    >
      <Text
        style={
          {
            "color": "#fff",
            "fontSize": 16,
          }
        }
        testID="emoji-picker-text"
      >
        Choose a sticker
      </Text>
      <View
        accessibilityRole="button"
        accessibilityState={
          {
            "busy": undefined,
            "checked": undefined,
            "disabled": undefined,
            "expanded": undefined,
            "selected": undefined,
          }
        }
        accessibilityValue={
          {
            "max": undefined,
            "min": undefined,
            "now": undefined,
            "text": undefined,
          }
        }
        accessible={true}
        collapsable={false}
        focusable={true}
        onBlur={[Function]}
        onClick={[Function]}
        onFocus={[Function]}
        onResponderGrant={[Function]}
        onResponderMove={[Function]}
        onResponderRelease={[Function]}
        onResponderTerminate={[Function]}
        onResponderTerminationRequest={[Function]}
        onStartShouldSetResponder={[Function]}
      >
        <MaterialIcons
          color="#fff"
          name="close"
          size={22}
        />
      </View>
    </View>
    <Text>
      Child content
    </Text>
  </View>
</Modal>
`;
